../Core/Src/INA219.c:15:10:Read16	32	static
../Core/Src/INA219.c:25:6:Write16	32	static
../Core/Src/INA219.c:33:7:INA219_ReadBusVoltage	8	static
../Core/Src/INA219.c:42:7:INA219_ReadCurrent_raw	8	static
../Core/Src/INA219.c:49:7:INA219_ReadCurrent	8	static
../Core/Src/INA219.c:56:7:INA219_ReadShuntVolage	8	static
../Core/Src/INA219.c:63:6:INA219_Reset	8	static
../Core/Src/INA219.c:69:6:INA219_setCalibration	0	static
../Core/Src/INA219.c:74:10:INA219_getConfig	0	static
../Core/Src/INA219.c:80:6:INA219_setConfig	0	static
../Core/Src/INA219.c:85:6:INA219_setCalibration_32V_2A	8	static
../Core/Src/INA219.c:100:6:INA219_setCalibration_32V_1A	8	static
../Core/Src/INA219.c:115:6:INA219_setCalibration_16V_400mA	8	static
../Core/Src/INA219.c:130:6:INA219_setPowerMode	16	static
../Core/Src/INA219.c:157:6:INA219_Powerdown	0	static
../Core/Src/INA219.c:162:9:INA219_Init	16	static
