../Core/Src/msv.c:236:6:StartUp	16	static
../Core/Src/msv.c:291:6:MSV_Accel_ValueShow	32	static
../Core/Src/msv.c:315:6:MSV_Accel_rawValueShow	32	static
../Core/Src/msv.c:337:6:MSV_Accel_corrValueShow	32	static
../Core/Src/msv.c:359:6:MSV_PowerSens_ValueShow	24	static
../Core/Src/msv.c:381:6:MSV_TempSens_setEnable	0	static
../Core/Src/msv.c:386:7:MSV_TempSens_GetTemp	40	static
../Core/Src/msv.c:412:6:HAL_GPIO_EXTI_Callback	8	static
../Core/Src/msv.c:661:6:MSV_getDateTime	32	static
../Core/Src/msv.c:691:9:decimalToBCD	0	static
../Core/Src/msv.c:648:6:MSV_setAlarm	16	static
../Core/Src/msv.c:679:6:MSV_setDateTime	24	static
../Core/Src/msv.c:695:6:MSV_showDateTime	16	static
../Core/Src/msv.c:706:6:HAL_RTC_AlarmAEventCallback	8	static
../Core/Src/msv.c:712:6:MSV_SMS_RX_Init	16	static
../Core/Src/msv.c:740:6:HAL_UART_RxCpltCallback	16	static
../Core/Src/msv.c:796:6:MSV_updateThingSpeak	208	static
../Core/Src/msv.c:70:6:MSV_Init	232	static
../Core/Src/msv.c:257:6:MSV_checkSystem	208	static
../Core/Src/msv.c:497:6:MSV_Subroutine2	8	static
../Core/Src/msv.c:425:6:MSV_Subroutine1	320	static
../Core/Src/msv.c:558:6:MSV_Subroutine3	320	static
../Core/Src/msv.c:160:6:MSV_Loop	8	static
../Core/Src/msv.c:813:6:MSV_updateVBAT_ThingSpeak	176	static
../Core/Src/msv.c:829:6:MSV_updateTemp_ThingSpeak	176	static
../Core/Src/msv.c:845:6:MSV_updatePos_ThingSpeak	184	static
