../Core/Src/onewire.c:17:6:OneWire_Delay	0	static
../Core/Src/onewire.c:26:6:OneWire_BusInputDirection	24	static
../Core/Src/onewire.c:36:6:OneWire_BusOutputDirection	24	static
../Core/Src/onewire.c:49:6:OneWire_OutputLow	0	static
../Core/Src/onewire.c:54:6:OneWire_OutputHigh	0	static
../Core/Src/onewire.c:66:9:OneWire_Reset	8	static
../Core/Src/onewire.c:87:6:OneWire_WriteBit	8	static
../Core/Src/onewire.c:109:9:OneWire_ReadBit	8	static
../Core/Src/onewire.c:128:6:OneWire_WriteByte	16	static
../Core/Src/onewire.c:139:9:OneWire_ReadByte	16	static
../Core/Src/onewire.c:154:6:OneWire_ResetSearch	0	static
../Core/Src/onewire.c:162:9:OneWire_Search	32	static
../Core/Src/onewire.c:279:9:OneWire_First	0	static
../Core/Src/onewire.c:289:9:OneWire_Next	0	static
../Core/Src/onewire.c:298:6:OneWire_Select	16	static
../Core/Src/onewire.c:312:6:OneWire_SelectWithPointer	0	static
../Core/Src/onewire.c:326:6:OneWire_GetFullROM	0	static
../Core/Src/onewire.c:337:9:OneWire_CRC8	12	static
../Core/Src/onewire.c:361:6:OneWire_Init	16	static
