../Core/Src/stm32f1xx_hal_msp.c:64:6:HAL_MspInit	8	static
../Core/Src/stm32f1xx_hal_msp.c:90:6:HAL_I2C_MspInit	32	static
../Core/Src/stm32f1xx_hal_msp.c:126:6:HAL_I2C_MspDeInit	8	static
../Core/Src/stm32f1xx_hal_msp.c:157:6:HAL_RTC_MspInit	16	static
../Core/Src/stm32f1xx_hal_msp.c:185:6:HAL_RTC_MspDeInit	0	static
../Core/Src/stm32f1xx_hal_msp.c:210:6:HAL_TIM_Base_MspInit	8	static
../Core/Src/stm32f1xx_hal_msp.c:232:6:HAL_TIM_Base_MspDeInit	0	static
../Core/Src/stm32f1xx_hal_msp.c:254:6:HAL_UART_MspInit	40	static
../Core/Src/stm32f1xx_hal_msp.c:318:6:HAL_UART_MspDeInit	8	static
