../Core/Src/msv.c:53:6:MSV_Init	8	static
../Core/Src/msv.c:76:6:MSV_Loop	8	static
../Core/Src/msv.c:144:6:UART_SEND	16	static
../Core/Src/msv.c:149:6:StartUp	16	static
../Core/Src/msv.c:170:6:AT_Test	256	static
../Core/Src/msv.c:190:6:ADXL345_ValueShow	32	static
../Core/Src/msv.c:214:6:ADXL345_rawValueShow	32	static
../Core/Src/msv.c:236:6:ADXL345_corrValueShow	24	static
../Core/Src/msv.c:258:6:INA219_ValueShow	8	static
../Core/Src/msv.c:280:6:DS18B20_Enable	8	static
../Core/Src/msv.c:285:6:DS18B20_Disable	8	static
../Core/Src/msv.c:290:6:DS18B20_GetTemp	24	static
../Core/Src/msv.c:312:6:HAL_GPIO_EXTI_Callback	16	static
../Core/Src/msv.c:325:6:MSV_Subroutine1	16	static
../Core/Src/msv.c:347:6:MSV_Subroutine2	16	static
../Core/Src/msv.c:383:6:MSV_Subroutine3	8	static
../Core/Src/msv.c:410:6:MSV_setAlarm	16	static
../Core/Src/msv.c:423:9:decimalToBCD	16	static
../Core/Src/msv.c:427:6:HAL_RTC_AlarmAEventCallback	16	static
../Core/Src/msv.c:433:6:A7670E_Init	8	static
../Core/Src/msv.c:461:6:HAL_UART_RxCpltCallback	16	static
../Core/Src/msv.c:509:6:sendSMS	144	static
../Core/Src/msv.c:544:6:getPos	8	static
